arr=emp      Q2=+0.01957 Q1=-0.00712
arr=dow1     Q2=+0.01947 Q1=-0.00850
arr=dow2     Q2=+0.01936 Q1=-0.00906
arr=wk1      Q2=+0.01948 Q1=-0.00863
arr=wk2      Q2=+0.01951 Q1=-0.00752
arr=dow_s03  Q2=+0.01964 Q1=-0.00821
arr=dow_s08  Q2=+0.01869 Q1=-0.01179
theta-   Q2=+0.01946 Q1=-0.00893
theta+   Q2=+0.01948 Q1=-0.00810
rA-      Q2=+0.01979 Q1=-0.00810
rA+      Q2=+0.01915 Q1=-0.00889
rbp-     Q2=+0.01909 Q1=-0.00909
rbp+     Q2=+0.01985 Q1=-0.00790
rbo-     Q2=+0.01909 Q1=-0.00888
rbo+     Q2=+0.01985 Q1=-0.00811
mbp-     Q2=+0.01960 Q1=-0.00676
mbp+     Q2=+0.01934 Q1=-0.01027
mbo-     Q2=+0.01945 Q1=-0.00851
mbo+     Q2=+0.01948 Q1=-0.00849
worst-   Q2=+0.01826 Q1=-0.01209
worst+   Q2=+0.02067 Q1=-0.00505
