1790325394 POST /v1/messages?beta=true 200 6.9
1790325395 POST /v1/responses 200 7.7
1790325395 POST /v1/messages?beta=true 200 8.2
1790325399 POST /v1/messages?beta=true 200 4.9
1790325401 POST /v1/messages?beta=true 200 13.4
1790325402 POST /v1/messages?beta=true 200 6.3
1790325403 POST /v1/responses 200 8.1
1790325407 POST /v1/messages?beta=true 200 6.3
1790325410 POST /v1/responses 200 7.3
1790325429 POST /v1/messages?beta=true 200 21.9
1790325430 POST /v1/messages?beta=true 200 27.9
1790325451 POST /v1/messages?beta=true 200 22.4
1790325463 POST /v1/responses 200 76.2
1790325465 POST /v1/messages?beta=true 200 65.4
1790325467 POST /v1/responses 200 56.7
1790325479 POST /v1/messages?beta=true 200 27.4
1790325487 POST /v1/messages?beta=true 200 8.4
1790325504 POST /v1/responses 200 8.3
1790325517 POST /v1/messages?beta=true 200 20.8
1790325519 POST /v1/responses 200 23.6
1790325536 POST /v1/messages?beta=true 200 19.3
1790325542 POST /v1/messages?beta=true 200 45.9
1790325545 POST /v1/messages?beta=true 200 49.2
1790325552 POST /v1/messages?beta=true 200 7.2
1790325559 POST /v1/messages?beta=true 200 6.6
1790325559 POST /v1/messages?beta=true 200 17.2
1790325560 POST /v1/messages?beta=true 200 23.9
1790325570 POST /v1/responses 200 65.5
1790325590 POST /v1/messages?beta=true 200 30.6
1790325626 POST /v1/messages?beta=true 200 24.9
1790325635 POST /v1/messages?beta=true 200 33.4
1790325639 POST /v1/responses 200 37.3
1790325642 POST /v1/messages?beta=true 200 15.6
1790325653 POST /v1/messages?beta=true 200 17.6
1790325665 POST /v1/messages?beta=true 200 23.1
1790325701 POST /v1/messages?beta=true 200 47.9
1790325726 POST /v1/messages?beta=true 200 18.2
1790325736 POST /v1/messages?beta=true 200 28.0
1790325740 POST /v1/messages?beta=true 200 13.7
1790325754 POST /v1/messages?beta=true 200 18.0
1790325756 POST /v1/messages?beta=true 200 16.2
1790325771 POST /v1/messages?beta=true 200 16.6
1790325776 POST /v1/messages?beta=true 200 5.3
1790325787 POST /v1/messages?beta=true 200 78.4
1790325809 POST /v1/messages?beta=true 200 52.7
1790326052 POST /v1/responses 200 4.9
1790326066 POST /v1/messages?beta=true 200 18.4
1790326081 POST /v1/responses 200 34.3
1790326091 POST /v1/messages?beta=true 200 43.8
1790326093 POST /v1/messages?beta=true 200 45.7
1790326097 POST /v1/responses 200 45.1
1790326101 POST /v1/messages?beta=true 200 8.1
1790326121 POST /v1/messages?beta=true 200 15.7
1790326122 POST /v1/responses 200 25.2
1790326124 POST /v1/responses 200 42.4
1790326127 POST /v1/messages?beta=true 200 61.8
1790326130 POST /v1/responses 200 5.8
1790326133 POST /v1/messages?beta=true 200 12.0
1790326142 POST /v1/responses 200 19.6
1790326150 POST /v1/messages?beta=true 200 38.6
1790326152 POST /v1/messages?beta=true 200 24.9
1790326161 POST /v1/responses 200 19.2
1790326165 POST /v1/messages?beta=true 200 12.7
1790326175 POST /v1/messages?beta=true 200 10.1
1790326179 POST /v1/messages?beta=true 200 29.2
1790326189 POST /v1/messages?beta=true 200 10.3
1790326221 POST /v1/messages?beta=true 200 32.1
1790326426 POST /v1/messages?beta=true 200 21.0
1790326431 POST /v1/responses 200 27.1
1790326439 POST /v1/messages?beta=true 200 13.8
1790326446 POST /v1/responses 200 42.1
1790326492 POST /v1/responses 200 60.4
1790326498 POST /v1/responses 200 52.0
1790326586 POST /v1/responses 200 36.4
1790326633 POST /v1/responses 200 46.9
1790327036 POST /v1/responses 200 70.9
1790327264 POST /v1/responses 200 32.9
1790327331 POST /v1/responses 200 67.0
1790327693 POST /v1/responses 200 60.7
1790327820 POST /v1/responses 200 26.7
1790327847 POST /v1/responses 200 54.3
1790327908 POST /v1/responses 200 87.5
1790327992 POST /v1/responses 200 39.9
1790328003 POST /v1/responses 200 50.7
1790328035 POST /v1/responses 200 43.1
1790328116 POST /v1/responses 200 66.8
1790328117 POST /v1/responses 200 67.4
1790328222 POST /v1/responses 200 39.5
1790328486 POST /v1/responses 200 39.8
1790328729 POST /v1/responses 200 30.8
1790328785 POST /v1/responses 200 56.4
1790328855 POST /v1/responses 200 41.7
1790328904 POST /v1/responses 200 48.7
1790329070 POST /v1/messages?beta=true 200 5.0
1790329073 POST /v1/messages?beta=true 200 8.1
1790329074 POST /v1/messages?beta=true 200 4.2
1790329081 POST /v1/messages?beta=true 200 7.2
1790329101 POST /v1/responses 200 35.9
1790329112 POST /v1/responses 200 47.1
1790329118 POST /v1/responses 200 17.3
1790329144 POST /v1/messages?beta=true 200 63.4
1790329144 POST /v1/responses 200 32.0
1790329148 POST /v1/messages?beta=true 200 73.1
1790329150 POST /v1/responses 200 31.5
1790329153 POST /v1/messages?beta=true 200 5.8
1790329197 POST /v1/messages?beta=true 200 53.5
1790329204 POST /v1/responses 200 59.9
1790329212 POST /v1/messages?beta=true 200 58.4
1790329406 POST /v1/messages?beta=true 200 27.8
1790329407 POST /v1/responses 200 28.3
1790329420 POST /v1/messages?beta=true 200 14.2
1790329431 POST /v1/messages?beta=true 200 10.2
1790329441 POST /v1/messages?beta=true 200 63.0
1790329450 POST /v1/messages?beta=true 200 19.2
1790329451 POST /v1/responses 200 72.6
1790329458 POST /v1/messages?beta=true 200 17.0
1790329463 POST /v1/messages?beta=true 200 12.9
1790329476 POST /v1/messages?beta=true 200 13.7
1790329487 POST /v1/messages?beta=true 200 10.1
1790329489 POST /v1/responses 200 82.5
1790329489 POST /v1/messages?beta=true 200 31.0
1790329500 POST /v1/messages?beta=true 200 13.6
1790329520 POST /v1/messages?beta=true 200 16.4
1790329605 POST /v1/messages?beta=true 200 17.2
1790329655 POST /v1/responses 200 68.0
1790329677 POST /v1/responses 200 89.7
1790329678 POST /v1/messages?beta=true 200 90.9
1790329686 POST /v1/messages?beta=true 200 81.6
1790329693 POST /v1/messages?beta=true 200 6.7
1790329737 POST /v1/messages?beta=true 200 41.5
1790329923 POST /v1/messages?beta=true 200 18.0
1790329946 POST /v1/messages?beta=true 200 40.8
1790329949 POST /v1/responses 200 43.8
1790329959 POST /v1/messages?beta=true 200 12.7
1790329966 POST /v1/responses 200 61.0
1790330104 POST /v1/responses 200 38.6
1790330120 POST /v1/responses 200 55.5
1790330151 POST /v1/messages?beta=true 200 85.4
1790330187 POST /v1/messages?beta=true 200 36.6
1790330264 POST /v1/responses 200 39.7
1790330279 POST /v1/responses 200 15.2
1790330282 POST /v1/messages?beta=true 200 57.8
1790330294 POST /v1/messages?beta=true 200 12.0
1790330299 POST /v1/responses 200 75.0
1790330335 POST /v1/responses 200 29.5
1790330338 POST /v1/responses 200 32.9
1790330417 POST /v1/responses 200 78.9
1790330482 POST /v1/responses 200 20.7
1790330497 POST /v1/responses 200 36.0
1790330516 POST /v1/responses 200 34.4
1790330820 POST /v1/responses 200 141.9
1790331125 POST /v1/responses 200 42.1
1790331199 POST /v1/responses 200 44.5
1790331252 POST /v1/messages?beta=true 200 7.2
1790331252 POST /v1/messages?beta=true 200 8.0
1790331255 POST /v1/messages?beta=true 200 10.1
1790331257 POST /v1/messages?beta=true 200 4.6
1790331260 POST /v1/messages?beta=true 200 8.4
1790331261 POST /v1/messages?beta=true 200 6.4
1790331262 POST /v1/responses 200 17.3
1790331264 POST /v1/responses 200 19.7
1790331271 POST /v1/responses 200 27.2
1790331275 POST /v1/responses 200 13.0
1790331281 POST /v1/responses 200 5.9
1790331295 POST /v1/responses 200 14.6
1790331299 POST /v1/responses 200 27.5
1790331301 POST /v1/responses 200 37.4
1790331315 POST /v1/messages?beta=true 200 54.3
1790331322 POST /v1/responses 200 26.5
1790331327 POST /v1/messages?beta=true 200 67.3
1790331339 POST /v1/responses 200 17.0
1790331340 POST /v1/messages?beta=true 200 83.3
1790331350 POST /v1/responses 200 51.0
1790331361 POST /v1/responses 200 116.9
1790331382 POST /v1/messages?beta=true 200 66.3
1790331390 POST /v1/messages?beta=true 200 62.7
1790331395 POST /v1/messages?beta=true 200 13.8
1790331396 POST /v1/messages?beta=true 200 55.3
1790331396 POST /v1/responses 200 94.6
1790331627 POST /v1/responses 200 14.5
1790331634 POST /v1/responses 200 21.2
1790331654 POST /v1/messages?beta=true 200 41.1
1790331658 POST /v1/messages?beta=true 200 44.7
1790331663 POST /v1/responses 200 50.4
1790331668 POST /v1/responses 200 41.0
1790331675 POST /v1/messages?beta=true 200 21.4
1790331681 POST /v1/messages?beta=true 200 11.4
1790331685 POST /v1/responses 200 21.6
1790331709 POST /v1/messages?beta=true 200 96.2
1790331719 POST /v1/messages?beta=true 200 43.1
1790331722 POST /v1/responses 200 37.0
1790331735 POST /v1/messages?beta=true 200 26.1
1790331739 POST /v1/messages?beta=true 200 58.2
1790331757 POST /v1/messages?beta=true 200 21.9
1790331763 POST /v1/messages?beta=true 200 44.9
1790331866 POST /v1/responses 200 10.3
1790331883 POST /v1/messages?beta=true 200 27.2
1790331889 POST /v1/messages?beta=true 200 33.1
1790331890 POST /v1/responses 200 34.4
1790331897 POST /v1/responses 200 31.4
1790331901 POST /v1/messages?beta=true 200 17.7
1790331909 POST /v1/messages?beta=true 200 20.5
1790331913 POST /v1/messages?beta=true 200 11.9
1790331916 POST /v1/responses 200 60.1
1790331926 POST /v1/responses 200 28.7
1790331937 POST /v1/responses 200 47.1
1790331951 POST /v1/messages?beta=true 200 94.8
1790331952 POST /v1/responses 200 26.3
1790331964 POST /v1/messages?beta=true 200 54.2
1790331980 POST /v1/messages?beta=true 200 29.6
1790331989 POST /v1/messages?beta=true 200 25.7
1790332505 POST /v1/messages?beta=true 200 5.3
1790332513 POST /v1/responses 200 12.7
1790332524 POST /v1/responses 200 24.4
1790332525 POST /v1/responses 200 12.4
1790332539 POST /v1/messages?beta=true 200 38.7
1790332546 POST /v1/responses 200 21.2
1790332551 POST /v1/responses 200 51.2
1790332563 POST /v1/messages?beta=true 200 24.1
1790332577 POST /v1/messages?beta=true 200 14.7
1790332596 POST /v1/responses 200 50.5
1790332610 POST /v1/responses 200 58.5
1790332619 POST /v1/responses 200 94.2
1790332833 POST /v1/responses 200 9.7
1790332859 POST /v1/responses 200 25.8
1790332872 POST /v1/responses 200 49.0
1790332904 POST /v1/responses 200 80.9
1790332913 POST /v1/responses 200 53.7
1790332969 POST /v1/messages?beta=true 200 145.2
1790333116 POST /v1/responses 200 12.1
1790333129 POST /v1/messages?beta=true 200 25.3
1790333136 POST /v1/responses 200 32.3
1790333143 POST /v1/messages?beta=true 200 14.1
1790333144 POST /v1/responses 200 40.8
1790333171 POST /v1/responses 200 55.1
1790333180 POST /v1/responses 200 9.0
1790333360 POST /v1/messages?beta=true 200 7.6
1790333361 POST /v1/messages?beta=true 200 8.0
1790333366 POST /v1/messages?beta=true 200 6.0
1790333367 POST /v1/messages?beta=true 200 6.5
1790333374 POST /v1/responses 200 21.3
1790333378 POST /v1/responses 200 25.5
1790333378 POST /v1/responses 200 25.5
1790333387 POST /v1/responses 200 8.0
1790333400 POST /v1/responses 200 26.5
1790333407 POST /v1/responses 200 28.7
1790333419 POST /v1/responses 200 66.6
1790333422 POST /v1/responses 200 15.0
1790333430 POST /v1/responses 200 29.9
1790333433 POST /v1/messages?beta=true 200 65.9
1790333465 POST /v1/responses 200 35.2
1790333473 POST /v1/responses 200 50.7
1790333485 POST /v1/messages?beta=true 200 118.8
1790333494 POST /v1/messages?beta=true 200 60.8
1790333647 POST /v1/messages?beta=true 200 7.4
1790333651 POST /v1/messages?beta=true 200 10.9
1790333654 POST /v1/messages?beta=true 200 6.6
1790333657 POST /v1/responses 200 17.2
1790333660 POST /v1/messages?beta=true 200 5.7
1790333661 POST /v1/messages?beta=true 200 9.9
1790333664 POST /v1/responses 200 24.1
1790333666 POST /v1/messages?beta=true 200 26.3
1790333670 POST /v1/messages?beta=true 200 8.9
1790333673 POST /v1/responses 200 16.5
1790333674 POST /v1/messages?beta=true 200 4.5
1790333676 POST /v1/responses 200 36.1
1790333685 POST /v1/messages?beta=true 200 45.2
1790333689 POST /v1/responses 200 25.0
1790333698 POST /v1/messages?beta=true 200 32.0
1790333698 POST /v1/responses 200 58.5
1790333699 POST /v1/messages?beta=true 200 25.3
1790333700 POST /v1/messages?beta=true 200 40.9
1790333714 POST /v1/responses 200 38.2
1790333715 POST /v1/responses 200 42.1
1790333717 POST /v1/messages?beta=true 200 18.0
1790333720 POST /v1/messages?beta=true 200 34.5
1790333726 POST /v1/responses 200 36.7
1790333726 POST /v1/messages?beta=true 200 8.7
1790333743 POST /v1/messages?beta=true 200 44.8
1790333744 POST /v1/messages?beta=true 200 18.1
1790333752 POST /v1/messages?beta=true 200 8.3
1790333762 POST /v1/messages?beta=true 200 19.2
1790333765 POST /v1/messages?beta=true 200 12.6
1790333775 POST /v1/messages?beta=true 200 10.1
1790333778 POST /v1/messages?beta=true 200 58.0
1790334068 POST /v1/messages?beta=true 200 8.8
1790334071 POST /v1/messages?beta=true 200 3.4
1790334084 POST /v1/responses 200 25.1
1790334085 POST /v1/responses 200 26.5
1790334090 POST /v1/messages?beta=true 200 19.1
1790334097 POST /v1/responses 200 38.4
1790334097 POST /v1/messages?beta=true 200 38.7
1790334102 POST /v1/messages?beta=true 200 42.8
1790334108 POST /v1/messages?beta=true 200 49.1
1790334108 POST /v1/responses 200 11.4
1790334109 POST /v1/messages?beta=true 200 11.7
1790334117 POST /v1/messages?beta=true 200 15.1
1790334130 POST /v1/responses 200 21.8
1790334133 POST /v1/messages?beta=true 200 15.8
1790334145 POST /v1/responses 200 61.3
1790334153 POST /v1/messages?beta=true 200 20.5
1790334163 POST /v1/responses 200 78.0
1790334165 POST /v1/messages?beta=true 200 12.3
1790334169 POST /v1/messages?beta=true 200 61.1
1790334179 POST /v1/responses 200 48.7
1790334184 POST /v1/messages?beta=true 200 93.9
1790334912 POST /v1/messages?beta=true 200 5.2
1790334913 POST /v1/responses 200 6.1
1790334914 POST /v1/responses 200 6.7
1790334917 POST /v1/responses 200 10.0
1790334917 POST /v1/messages?beta=true 200 9.8
1790334917 POST /v1/messages?beta=true 200 5.0
1790334921 POST /v1/responses 200 7.5
1790334922 POST /v1/responses 200 15.2
1790334927 POST /v1/messages?beta=true 200 9.8
1790334933 POST /v1/messages?beta=true 200 25.5
1790334933 POST /v1/responses 200 10.7
1790334938 POST /v1/messages?beta=true 200 5.3
1790334941 POST /v1/messages?beta=true 200 3.4
1790334943 POST /v1/responses 200 36.2
1790334946 POST /v1/responses 200 25.3
1790334946 POST /v1/messages?beta=true 200 4.8
1790334948 POST /v1/responses 200 40.6
1790334957 POST /v1/messages?beta=true 200 10.3
1790334957 POST /v1/responses 200 23.9
1790334984 POST /v1/responses 200 27.2
1790334988 POST /v1/responses 200 45.2
1790335003 POST /v1/responses 200 55.4
1790335010 POST /v1/messages?beta=true 200 92.3
1790335021 POST /v1/responses 200 37.0
1790335027 POST /v1/responses 200 81.0
1790335061 POST /v1/messages?beta=true 200 153.7
1790335274 POST /v1/responses 200 23.7
1790335278 POST /v1/responses 200 28.1
1790335301 POST /v1/messages?beta=true 200 50.2
1790335309 POST /v1/responses 200 34.8
1790335312 POST /v1/responses 200 33.7
1790335322 POST /v1/responses 200 72.1
1790335327 POST /v1/responses 200 15.0
1790335330 POST /v1/messages?beta=true 200 79.8
1790335352 POST /v1/messages?beta=true 200 21.7
1790335357 POST /v1/messages?beta=true 200 56.8
1790335366 POST /v1/messages?beta=true 200 14.5
1790335367 POST /v1/responses 200 39.4
1790335382 POST /v1/messages?beta=true 200 24.7
1790335735 POST /v1/responses 200 9.0
1790335773 POST /v1/messages?beta=true 200 47.2
1790335780 POST /v1/messages?beta=true 200 7.4
1790335786 POST /v1/responses 200 60.9
1790335795 POST /v1/responses 200 69.8
1790335803 POST /v1/messages?beta=true 200 22.8
1790335819 POST /v1/messages?beta=true 200 93.7
1790335828 POST /v1/messages?beta=true 200 24.2
1790335844 POST /v1/messages?beta=true 200 24.9
1790335872 POST /v1/messages?beta=true 200 43.2
1790335989 POST /v1/messages?beta=true 200 11.5
1790335997 POST /v1/messages?beta=true 200 20.3
1790336009 POST /v1/responses 200 31.9
1790336019 POST /v1/responses 200 42.3
1790336021 POST /v1/messages?beta=true 200 30.1
1790336030 POST /v1/messages?beta=true 200 32.3
1790336033 POST /v1/responses 200 56.1
1790336039 POST /v1/responses 200 20.2
1790336058 POST /v1/messages?beta=true 200 36.7
1790336070 POST /v1/messages?beta=true 200 39.8
1790336077 POST /v1/responses 200 68.5
1790336079 POST /v1/responses 200 39.1
1790336110 POST /v1/messages?beta=true 200 51.9
1790336117 POST /v1/messages?beta=true 200 45.4
1790336117 POST /v1/messages?beta=true 200 7.5
1790336128 POST /v1/messages?beta=true 200 150.5
1790336370 POST /v1/messages?beta=true 200 13.7
1790336378 POST /v1/messages?beta=true 200 22.1
1790336392 POST /v1/messages?beta=true 200 13.5
1790336396 POST /v1/responses 200 39.7
1790336399 POST /v1/messages?beta=true 200 43.2
1790336404 POST /v1/responses 200 48.4
1790336434 POST /v1/responses 200 78.6
1790336441 POST /v1/responses 200 45.7
1790336442 POST /v1/responses 200 37.5
1790336829 POST /v1/responses 200 51.2
1790336855 POST /v1/responses 200 77.4
1790337146 POST /v1/responses 200 29.7
1790337147 POST /v1/responses 200 31.3
1790337210 POST /v1/responses 200 64.5
1790337210 POST /v1/responses 200 62.9
1790337655 POST /v1/responses 200 58.2
1790337655 POST /v1/responses 200 58.3
1790337842 POST /v1/responses 200 54.7
1790337847 POST /v1/responses 200 59.5
1790337902 POST /v1/responses 200 55.5
1790337988 POST /v1/responses 200 15.4
1790337996 POST /v1/messages?beta=true 200 22.3
1790337996 POST /v1/responses 200 22.5
1790338008 POST /v1/messages?beta=true 200 12.7
1790338016 POST /v1/responses 200 43.1
1790338025 POST /v1/responses 200 29.5
1790338047 POST /v1/responses 200 31.1
1790338089 POST /v1/responses 200 64.0
1790338191 POST /v1/responses 200 7.6
1790338196 POST /v1/messages?beta=true 200 12.6
1790338205 POST /v1/messages?beta=true 200 8.8
1790338229 POST /v1/responses 200 38.5
1790338244 POST /v1/responses 200 14.4
1790338258 POST /v1/responses 200 14.4
1790338275 POST /v1/responses 200 92.2
1790338307 POST /v1/messages?beta=true 200 102.3
1790338310 POST /v1/responses 200 51.9
1790338313 POST /v1/messages?beta=true 200 130.0
1790338320 POST /v1/messages?beta=true 200 6.3
1790338416 POST /v1/responses 200 19.9
1790338416 POST /v1/responses 200 20.9
1790338439 POST /v1/messages?beta=true 200 43.4
1790338450 POST /v1/responses 200 34.7
1790338452 POST /v1/messages?beta=true 200 56.4
1790338456 POST /v1/responses 200 39.8
1790338473 POST /v1/messages?beta=true 200 33.7
1790338478 POST /v1/responses 200 22.0
1790338493 POST /v1/messages?beta=true 200 41.2
1790338501 POST /v1/messages?beta=true 200 28.4
1790338544 POST /v1/messages?beta=true 200 42.6
1790338808 POST /v1/messages?beta=true 200 48.8
1790338808 POST /v1/responses 200 49.6
1790338833 POST /v1/responses 200 24.6
1790338840 POST /v1/messages?beta=true 200 80.8
1790338846 POST /v1/messages?beta=true 200 38.8
1790338852 POST /v1/responses 200 93.7
1790338856 POST /v1/responses 200 23.1
1790338866 POST /v1/messages?beta=true 200 26.6
1790338867 POST /v1/messages?beta=true 200 20.2
1790338892 POST /v1/messages?beta=true 200 25.9
1790338899 POST /v1/messages?beta=true 200 140.3
1790338903 POST /v1/messages?beta=true 200 37.1
1790338926 POST /v1/responses 200 5.9
1790338931 POST /v1/responses 200 5.4
1790338940 POST /v1/messages?beta=true 200 20.2
1790338953 POST /v1/messages?beta=true 200 33.4
1790338965 POST /v1/messages?beta=true 200 11.5
1790338982 POST /v1/messages?beta=true 200 16.8
1790339020 POST /v1/responses 200 100.5
1790339158 POST /v1/messages?beta=true 200 14.9
1790339165 POST /v1/responses 200 22.1
1790339168 POST /v1/messages?beta=true 200 9.9
1790339170 POST /v1/responses 200 27.3
1790339174 POST /v1/responses 200 9.1
1790339205 POST /v1/responses 200 62.3
1790339212 POST /v1/responses 200 37.3
1790339237 POST /v1/messages?beta=true 200 69.1
1790339244 POST /v1/responses 200 73.1
1790339262 POST /v1/responses 200 49.8
1790339280 POST /v1/messages?beta=true 200 42.6
1790339293 POST /v1/messages?beta=true 200 13.0
1790339347 POST /v1/responses 200 17.0
1790339352 POST /v1/messages?beta=true 200 21.8
1790339384 POST /v1/responses 200 54.9
1790339401 POST /v1/responses 200 53.8
1790339417 POST /v1/messages?beta=true 200 65.6
1790339451 POST /v1/responses 200 50.8
1790339462 POST /v1/messages?beta=true 200 44.5
1790339478 POST /v1/responses 200 148.3
1790339538 POST /v1/messages?beta=true 200 39.3
1790339546 POST /v1/messages?beta=true 200 8.0
1790339555 POST /v1/messages?beta=true 200 9.0
1790339560 POST /v1/responses 200 61.7
1790339567 POST /v1/responses 200 68.2
1790339579 POST /v1/messages?beta=true 200 24.1
1790339601 POST /v1/responses 200 102.4
1790339603 POST /v1/messages?beta=true 200 23.6
1790339614 POST /v1/messages?beta=true 200 11.8
1790339702 POST /v1/responses 200 31.1
1790339755 POST /v1/responses 200 83.6
1790339756 POST /v1/responses 200 53.7
1790339769 POST /v1/responses 200 98.2
1790339845 POST /v1/responses 200 7.0
1790339853 POST /v1/responses 200 14.1
1790339857 POST /v1/responses 200 11.3
1790339918 POST /v1/responses 200 65.6
1790339983 POST /v1/responses 200 144.5
1790340082 POST /v1/responses 200 60.5
1790340112 POST /v1/responses 200 90.9
1790340112 POST /v1/responses 200 91.1
1790340146 POST /v1/responses 200 28.8
1790340226 POST /v1/responses 200 109.3
1790340261 POST /v1/responses 200 115.0
1790340368 POST /v1/responses 200 90.6
1790340370 POST /v1/responses 200 92.3
1790340461 POST /v1/responses 200 24.0
1790340513 POST /v1/responses 200 75.6
1790340554 POST /v1/responses 200 117.0
1790340651 POST /v1/responses 200 78.3
1790340678 POST /v1/responses 200 105.2
1790340751 POST /v1/responses 200 62.9
1790340774 POST /v1/responses 200 86.6
1790340834 POST /v1/responses 200 49.5
1790340874 POST /v1/responses 200 89.3
1790340939 POST /v1/responses 200 30.1
1790341011 POST /v1/responses 200 102.3
1790341077 POST /v1/responses 200 44.9
1790341404 POST /v1/responses 200 117.9
1790341688 POST /v1/responses 200 138.0
1790341841 POST /v1/responses 200 144.2
1790342120 POST /v1/responses 200 39.5
1790342432 POST /v1/responses 200 85.3
1790342526 POST /v1/responses 200 66.1
1790342636 POST /v1/responses 200 35.3
1790342732 POST /v1/responses 200 67.7
