00 nB  132195 rB 0.6424±0.0006 gB 4.208±0.012  nA    5009 rA_exp 0.6182 gA 2.511
01 nB  141675 rB 0.6437±0.0006 gB 4.191±0.011  nA    7186 rA_exp 0.6193 gA 2.446
02 nB  144438 rB 0.6457±0.0006 gB 4.194±0.011  nA    7190 rA_exp 0.6151 gA 2.490
03 nB  152717 rB 0.6425±0.0006 gB 4.189±0.011  nA    7615 rA_exp 0.6262 gA 2.451
04 nB  160941 rB 0.6424±0.0006 gB 4.206±0.010  nA    8239 rA_exp 0.6222 gA 2.445
05 nB  171260 rB 0.6429±0.0006 gB 4.200±0.010  nA    8846 rA_exp 0.6193 gA 2.497
06 nB  166354 rB 0.6441±0.0006 gB 4.208±0.010  nA    6341 rA_exp 0.6208 gA 2.475
07 nB  174885 rB 0.6440±0.0005 gB 4.191±0.010  nA    6560 rA_exp 0.6243 gA 2.415
08 nB   53770 rB 0.6443±0.0010 gB 4.187±0.018  nA  140790 rA_exp 0.6206 gA 2.470
09 nB   58496 rB 0.6644±0.0010 gB 5.727±0.024  nA  152287 rA_exp 0.6194 gA 2.471
10 nB   63720 rB 0.6670±0.0009 gB 5.767±0.023  nA  166961 rA_exp 0.6202 gA 2.467
11 nB   70510 rB 0.6684±0.0009 gB 5.730±0.022  nA  184048 rA_exp 0.6231 gA 2.459
12 nB   77911 rB 0.6673±0.0008 gB 5.715±0.020  nA  202924 rA_exp 0.6224 gA 2.469
13 nB   84530 rB 0.6662±0.0008 gB 5.735±0.020  nA  221904 rA_exp 0.6200 gA 2.473
14 nB   90358 rB 0.6654±0.0008 gB 5.785±0.019  nA  235458 rA_exp 0.6207 gA 2.468
15 nB   93101 rB 0.6686±0.0008 gB 5.764±0.019  nA  243557 rA_exp 0.6208 gA 2.465
16 nB   93178 rB 0.6674±0.0008 gB 5.771±0.019  nA  243143 rA_exp 0.6212 gA 2.468
17 nB   89863 rB 0.6678±0.0008 gB 5.746±0.019  nA  235096 rA_exp 0.6207 gA 2.471
18 nB   83169 rB 0.6444±0.0008 gB 4.205±0.015  nA  216757 rA_exp 0.6215 gA 2.482
19 nB   74898 rB 0.6447±0.0008 gB 4.187±0.015  nA  194841 rA_exp 0.6215 gA 2.473
20 nB   64730 rB 0.6426±0.0009 gB 4.187±0.016  nA  169633 rA_exp 0.6199 gA 2.468
21 nB   55173 rB 0.6429±0.0010 gB 4.246±0.018  nA  144511 rA_exp 0.6201 gA 2.471
22 nB  163663 rB 0.6445±0.0006 gB 4.194±0.010  nA    6208 rA_exp 0.6230 gA 2.504
23 nB  142965 rB 0.6438±0.0006 gB 4.194±0.011  nA    5358 rA_exp 0.6142 gA 2.499
pooled peak rB 0.6670380667872734 gB 5.750561935093922 n 721665.36635
pooled off  rB 0.6436355650346142 gB 4.198267449127566 n 1882832.9637599997
chi2 21.68609341152102 df 8
chi2 33.60606425005456 df 14
15 24 1.102 0.01 Tue
16 24 0.959 0.008 Wed
17 24 1.115 0.012 Thu
18 5 1.094 0.008 Fri
19 5 0.731 0.004 Sat
20 24 0.77 0.008 Sun
21 24 1.004 0.01 Mon
22 24 0.993 0.011 Tue
23 24 1.062 0.009 Wed
24 24 1.185 0.011 Thu
25 24 1.109 0.011 Fri
26 24 0.807 0.01 Sat
27 24 0.756 0.008 Sun
28 24 0.973 0.014 Mon
29 24 1.193 0.011 Tue
30 24 1.097 0.012 Wed
31 24 1.097 0.013 Thu
32 24 1.051 0.01 Fri
33 5 0.736 0.004 Sat
34 24 0.736 0.008 Sun
35 24 1.033 0.012 Mon
36 24 0.99 0.011 Tue
37 24 1.02 0.013 Wed
38 24 1.008 0.009 Thu
