group 9-17: pooled 0.66704 chi2 21.7/8 tau 0.00106
group 0-23: pooled 0.64364 chi2 33.6/14 tau 0.00077
group 9-17: pooled 5.75039 chi2 10.8/8 tau 0.01209
group 0-23: pooled 4.19821 chi2 12.9/14 tau 0.00000
group 0-23: pooled 0.62063 chi2 49.4/23 tau 0.00048
rB [0.6429 0.6437 0.6449 0.6429 0.6428 0.6431 0.6439 0.6439 0.6439 0.6656
 0.667  0.6679 0.6672 0.6665 0.666  0.6681 0.6673 0.6675 0.644  0.6441
 0.6432 0.6433 0.6442 0.6437]
gB [4.198 4.198 4.198 4.198 4.198 4.198 4.198 4.198 4.198 5.746 5.754 5.746
 5.741 5.746 5.76  5.754 5.756 5.749 4.198 4.198 4.198 4.198 4.198 4.198]
rA [0.6201 0.6207 0.6206 0.6209 0.6202 0.6207 0.6208 0.6204 0.6207 0.6199
 0.6206 0.6211 0.6213 0.6203 0.6205 0.6206 0.6208 0.6204 0.6209 0.621
 0.6207 0.6207 0.6204 0.6202]
0 0.02660323197442226 -0.002722055267901331
1 0.026799321196079525 -0.0009072537359734119
2 0.02683624192681699 -0.0017364785502459526
3 0.027011323247587975 0.0006402615801460903
4 0.026862608869466505 -0.001874733332164638
5 0.02655134053902828 -0.00370786778025749
6 0.0263438511726352 -0.0019127670717085914
7 0.026821820113177092 -0.0020003879009862975
8 0.026364263956134174 -0.004010748874560797
9 0.02698000096878362 0.001888983952227091
10 0.02687574419076557 -0.0012940425654267948
11 0.02693807334897248 0.0007861345103318825
12 0.02670723039351526 -2.0964021987778925e-05
13 0.02690812226809849 1.5006546443616649e-05
14 0.026408135053779504 -0.0030854338086787484
15 0.027351946345909973 0.0033743534354807076
16 0.027083971630025173 -0.0010018845774647871
17 0.026686633267072234 -0.001062805013610779
18 0.027152425300482105 0.0022856314234006706
19 0.02698503834840404 0.0021758468994604466
20 0.02691433697260382 -0.00034800950736261745
21 0.02693714809375442 8.399969141788512e-05
22 0.026232290754769863 -0.0055177864228048035
23 0.026921887301747795 0.00034584069127160586
24 0.027311878949390588 0.0023167630757617947
25 0.02685853875323009 -0.0009800702451103307
26 0.026560490952042118 -0.002329538664370098
27 0.027099673724652974 0.00013320207178882577
28 0.026655880279887856 -0.0019586418394354783
29 0.027102257151252505 0.0010734555379625296
30 0.026894058711818148 -0.0017034202715777156
31 0.026671446923208737 -0.0029116431250231674
32 0.026497458721801065 -0.0038717779393426296
33 0.027003752989895248 -0.0011940215351889751
34 0.02694170062286561 -0.0014985406091231421
35 0.02616696336858414 -0.005014182895090918
36 0.02685676296860171 -0.0016223711567075365
37 0.026253350230913627 -0.0025365902144197797
38 0.026543166420838468 -0.002155060052837847
39 0.026454548284288403 -0.004386564614758728
