group 9-17: pooled 0.66704 chi2 21.7/8 tau 0.00106
group 0-23: pooled 0.64364 chi2 33.6/14 tau 0.00077
group 9-17: pooled 5.75039 chi2 10.8/8 tau 0.01209
group 0-23: pooled 4.19821 chi2 12.9/14 tau 0.00000
group 0-23: pooled 0.62063 chi2 49.4/23 tau 0.00048
rB [0.6429 0.6437 0.6449 0.6429 0.6428 0.6431 0.6439 0.6439 0.6439 0.6656
 0.667  0.6679 0.6672 0.6665 0.666  0.6681 0.6673 0.6675 0.644  0.6441
 0.6432 0.6433 0.6442 0.6437]
gB [4.198 4.198 4.198 4.198 4.198 4.198 4.198 4.198 4.198 5.746 5.754 5.746
 5.741 5.746 5.76  5.754 5.756 5.749 4.198 4.198 4.198 4.198 4.198 4.198]
rA [0.6201 0.6207 0.6206 0.6209 0.6202 0.6207 0.6208 0.6204 0.6207 0.6199
 0.6206 0.6211 0.6213 0.6203 0.6205 0.6206 0.6208 0.6204 0.6209 0.621
 0.6207 0.6207 0.6204 0.6202]
0 0.02662988169729964 -0.0009568295715899189
1 0.026951959331486884 0.0006336926617755903
2 0.027044688851632425 -0.0019368684447975018
3 0.026642057264117846 -0.0011604284329340465
4 0.027021352913404448 -0.00016953513545752091
5 0.02700277394299958 0.0009479081643359652
6 0.027305872891240278 0.00367607059922275
7 0.026511339157610735 -0.0010885292718054865
8 0.026550028869835103 -0.0037764724941321357
9 0.02675377429036109 -0.002506460130092952
10 0.026222767652040027 -0.005788857027365877
11 0.02661364491245028 -0.0011962412232787009
12 0.02670364395489516 7.319486782206195e-05
13 0.026845756963740072 0.0004310720100694917
14 0.026743277150148615 -0.0006841210195865191
15 0.027249475984222168 0.0012718212664143194
16 0.027029456166393205 -0.00011341457449334128
17 0.027117868265370514 0.002124586562276779
18 0.027027202800551115 0.002124178232612051
19 0.02641272947652236 -0.002394403180388481
20 0.026923560636644604 0.0011926953911934634
21 0.027067068617281365 0.002359075822516166
22 0.026743599913423174 -0.001105272217921864
23 0.026868702218062125 0.0008650355444619718
24 0.02664150268478283 -0.002481416499824924
25 0.026747155561637724 -0.003933985814472557
26 0.0270347823125873 0.0007767980105751108
27 0.026307891212795927 -0.0015278645476500085
28 0.026938597904500997 -0.0010930925567135482
29 0.026269996169939257 -0.003843089780693907
30 0.02673387288373957 -0.0009709529814566616
31 0.026834540483202628 -0.001271166884316972
32 0.026922421107051037 -3.609178637164307e-05
33 0.02639218606769282 -0.005823591031021805
34 0.026831097503276138 -0.0007595387849620709
35 0.026016096382104767 -0.00527990242321941
36 0.027550090017440087 0.006344377714337978
37 0.02676284703428126 0.00019476643060089402
38 0.026690116825678893 -0.0012311734620169476
39 0.02672984562766246 -0.002852430326925294
