group 9-17: pooled 0.66704 chi2 21.7/8 tau 0.00106
group 0-23: pooled 0.64364 chi2 33.6/14 tau 0.00077
group 9-17: pooled 5.75039 chi2 10.8/8 tau 0.01209
group 0-23: pooled 4.19821 chi2 12.9/14 tau 0.00000
group 0-23: pooled 0.62063 chi2 49.4/23 tau 0.00048
rB [0.6429 0.6437 0.6449 0.6429 0.6428 0.6431 0.6439 0.6439 0.6439 0.6656
 0.667  0.6679 0.6672 0.6665 0.666  0.6681 0.6673 0.6675 0.644  0.6441
 0.6432 0.6433 0.6442 0.6437]
gB [4.198 4.198 4.198 4.198 4.198 4.198 4.198 4.198 4.198 5.746 5.754 5.746
 5.741 5.746 5.76  5.754 5.756 5.749 4.198 4.198 4.198 4.198 4.198 4.198]
rA [0.6201 0.6207 0.6206 0.6209 0.6202 0.6207 0.6208 0.6204 0.6207 0.6199
 0.6206 0.6211 0.6213 0.6203 0.6205 0.6206 0.6208 0.6204 0.6209 0.621
 0.6207 0.6207 0.6204 0.6202]
0 0.02722204374753194 0.0007179267166931599
1 0.027162138911675633 0.0009685802294260477
2 0.02674629354995394 -0.00023629009103045325
3 0.026475549132908956 -0.0035743833366048043
4 0.026748536082187885 -0.0011212594604206774
5 0.026456945103479738 -0.0023437757323982377
6 0.02611136566048921 -0.005025848380057094
7 0.026791131323049642 -0.0029125502808805396
8 0.026656562880437083 -0.002826532559444562
9 0.027112072860439162 0.004392086426311159
10 0.026906729501889996 0.0010009244515740842
11 0.026181401896516986 -0.0062346532932376466
12 0.0273229343939806 0.0011053983879991639
13 0.026563088862929896 -0.0015765942988714458
14 0.02669925444427649 -0.0016830048896162091
15 0.026193365349187012 -0.005840475125084129
16 0.027111174133263145 0.0012281756941442022
17 0.026781740173936842 -0.0002792734753631475
18 0.02695696151146012 -0.0011026456501332404
19 0.026697461757810088 -0.002673287693748551
20 0.026294229030303064 -0.003988611591533968
21 0.02663493835171158 -0.0013894462381910263
22 0.026952144340363547 -0.0003628249448856338
23 0.026578956523416866 -0.001331136748299372
24 0.02652703422816377 -0.0020174565836170773
25 0.02698983173583341 0.001913988802036029
26 0.026344451059694463 -0.0035808488673762504
27 0.025761111436517128 -0.008082131829764375
28 0.026677944511111384 0.00028415462995168484
29 0.026966226707170173 0.00197117606414279
30 0.026012771807230307 -0.004102075596240166
31 0.0269882110238869 0.0012144836479147608
32 0.026345806526168247 -0.005722101017933243
33 0.027248911620445272 0.0017513587710945933
34 0.025921909337691687 -0.005396843088105886
35 0.026717729391076996 0.0007068098362503382
36 0.026749930018969553 -0.0009392387594365961
37 0.026607297296509937 -0.0011210510251458091
38 0.026525246819966652 -0.004272549187556849
39 0.02685603874554401 -0.0018252503577293475
