group 9-17: pooled 0.66704 chi2 21.7/8 tau 0.00106
group 0-23: pooled 0.64364 chi2 33.6/14 tau 0.00077
group 9-17: pooled 5.75039 chi2 10.8/8 tau 0.01209
group 0-23: pooled 4.19821 chi2 12.9/14 tau 0.00000
group 0-23: pooled 0.62063 chi2 49.4/23 tau 0.00048
rB [0.6429 0.6437 0.6449 0.6429 0.6428 0.6431 0.6439 0.6439 0.6439 0.6656
 0.667  0.6679 0.6672 0.6665 0.666  0.6681 0.6673 0.6675 0.644  0.6441
 0.6432 0.6433 0.6442 0.6437]
gB [4.198 4.198 4.198 4.198 4.198 4.198 4.198 4.198 4.198 5.746 5.754 5.746
 5.741 5.746 5.76  5.754 5.756 5.749 4.198 4.198 4.198 4.198 4.198 4.198]
rA [0.6201 0.6207 0.6206 0.6209 0.6202 0.6207 0.6208 0.6204 0.6207 0.6199
 0.6206 0.6211 0.6213 0.6203 0.6205 0.6206 0.6208 0.6204 0.6209 0.621
 0.6207 0.6207 0.6204 0.6202]
0 0.0266748101122947 -0.0011708117558517524
1 0.02698354884172599 -0.0014922700473832167
2 0.026736227017884685 -0.0006557148340043781
3 0.02615757447614855 -0.006525855351012041
4 0.02733524728480796 0.0024095915493373356
5 0.026474890927202257 -0.003324426130718722
6 0.027109139823084376 0.0009067119749540554
7 0.026435754753280544 -0.002741100729900428
8 0.02691405469795472 -0.0008973182469177662
9 0.027182321730352777 0.0037336440735070892
10 0.02710233621688017 -0.0011354957955371594
11 0.02666077640875228 -0.003032162937320932
12 0.02696059240154161 0.0010566390129046839
13 0.026435500220495407 -0.005200684957664343
14 0.02615024650540169 -0.0052455978109360825
15 0.026129956791963803 -0.003956199378302146
16 0.026736202763810505 -0.0005884543930640386
17 0.026759801137559235 -0.0025053551706449477
18 0.026427161453646736 -0.004912747588875832
19 0.025991021930899607 -0.0063199529379328115
20 0.027397865650986158 0.002992403272008605
21 0.02738230899253921 0.0036803723272008895
22 0.02574090032228404 -0.008095114272083223
23 0.02607238273895264 -0.00459435572859924
24 0.026717622464128527 -0.0030849185506088097
25 0.026921340922481843 -0.00015263142158349595
26 0.02626203477118829 -0.005863429432397547
27 0.027115718199885994 0.0009552591902611783
28 0.026799463992296647 -0.0006668751311231343
29 0.026824463299792822 -0.000786073768239083
30 0.026261616584183592 -0.004989800557815091
31 0.026960869877427733 0.0009018470874900709
32 0.027465131098592638 0.004383749636786916
33 0.02697831602039476 -0.0024130334383568566
34 0.026834646542686667 -0.0002546023151081588
35 0.027047701774140495 0.0010469892445126741
36 0.026236006604064253 -0.004195429325507529
37 0.02612561577343309 -0.005668718821334672
38 0.02679829462289232 0.0022351257142977947
39 0.026865765246785772 2.5591149830859338e-05
