1790278750 POST /v1/messages?beta=true 200 7.8
1790278756 POST /v1/messages?beta=true 200 6.1
1790278777 POST /v1/messages?beta=true 200 20.6
1790278777 POST /v1/responses 200 34.8
1790278803 POST /v1/messages?beta=true 200 26.3
1790278866 POST /v1/responses 200 37.4
1790278884 POST /v1/messages?beta=true 200 55.3
1790278947 POST /v1/messages?beta=true 200 36.9
1790278950 POST /v1/responses 200 40.7
1790278976 POST /v1/messages?beta=true 200 29.6
1790278988 POST /v1/messages?beta=true 200 11.4
1790279000 POST /v1/messages?beta=true 200 9.3
1790279044 POST /v1/responses 200 32.0
1790279139 POST /v1/responses 200 71.2
1790279273 POST /v1/responses 200 40.7
1790279340 POST /v1/responses 200 13.5
1790282631 POST /v1/messages?beta=true 200 8.1
1790282631 POST /v1/responses 200 8.7
1790282637 POST /v1/messages?beta=true 200 6.5
1790282642 POST /v1/responses 200 10.8
1790282643 POST /v1/messages?beta=true 200 6.0
1790282683 POST /v1/responses 200 41.0
1790282719 POST /v1/messages?beta=true 200 75.2
1790282808 POST /v1/messages?beta=true 200 73.2
1790282808 POST /v1/responses 200 73.7
1790282830 POST /v1/messages?beta=true 200 22.2
1790282871 POST /v1/messages?beta=true 200 13.4
1790282885 POST /v1/messages?beta=true 200 11.1
1790282909 POST /v1/responses 200 52.0
1790282967 POST /v1/responses 200 7.7
1790285251 POST /v1/messages?beta=true 200 5.9
1790285256 POST /v1/messages?beta=true 200 5.0
1790285262 POST /v1/messages?beta=true 200 5.7
1790285263 POST /v1/responses 200 17.8
1790285266 POST /v1/messages?beta=true 200 4.8
1790285277 POST /v1/responses 200 14.0
1790285302 POST /v1/messages?beta=true 200 36.2
1790285332 POST /v1/messages?beta=true 200 29.1
1790285359 POST /v1/responses 200 18.2
1790285384 POST /v1/responses 200 25.0
1790285416 POST /v1/messages?beta=true 200 75.0
1790285452 POST /v1/messages?beta=true 200 16.6
1790286336 POST /v1/responses 200 26.4
1790286542 POST /v1/messages?beta=true 200 19.2
1790286643 POST /v1/messages?beta=true 200 14.4
1790286716 POST /v1/responses 200 87.4
1790286723 POST /v1/messages?beta=true 200 7.0
1790286746 POST /v1/messages?beta=true 200 11.6
1790286879 POST /v1/responses 200 28.9
1790286924 POST /v1/responses 200 33.3
1790287005 POST /v1/responses 200 5.3
1790288309 POST /v1/messages?beta=true 200 5.0
1790288312 POST /v1/responses 200 8.0
1790288314 POST /v1/messages?beta=true 200 5.4
1790288319 POST /v1/responses 200 7.3
1790288320 POST /v1/messages?beta=true 200 5.7
1790288328 POST /v1/responses 200 8.8
1790288357 POST /v1/responses 200 29.1
1790288454 POST /v1/responses 200 43.9
1790288481 POST /v1/messages?beta=true 200 70.9
1790288553 POST /v1/responses 200 33.1
1790288615 POST /v1/messages?beta=true 200 95.6
1790288710 POST /v1/messages?beta=true 200 84.0
1790288767 POST /v1/messages?beta=true 200 30.2
1790288793 POST /v1/messages?beta=true 200 25.8
1790289041 POST /v1/responses 200 63.2
1790289193 POST /v1/responses 200 69.4
1790289340 POST /v1/responses 200 71.7
1790289361 POST /v1/responses 200 8.9
1790301937 POST /v1/messages?beta=true 200 4.7
1790301938 POST /v1/responses 200 6.0
1790301941 POST /v1/messages?beta=true 200 8.4
1790301941 POST /v1/responses 200 9.1
1790301941 POST /v1/messages?beta=true 200 4.3
1790301942 POST /v1/responses 200 9.4
1790301943 POST /v1/messages?beta=true 200 10.4
1790301947 POST /v1/messages?beta=true 200 5.2
1790301950 POST /v1/messages?beta=true 200 8.7
1790301950 POST /v1/messages?beta=true 200 7.4
1790301950 POST /v1/responses 200 9.0
1790301951 POST /v1/messages?beta=true 200 4.6
1790301952 POST /v1/responses 200 14.0
1790301954 POST /v1/responses 200 12.5
1790301958 POST /v1/responses 200 5.7
1790301966 POST /v1/responses 200 15.4
1790301980 POST /v1/messages?beta=true 200 30.3
1790302009 POST /v1/messages?beta=true 200 28.8
1790302065 POST /v1/responses 200 29.2
1790302068 POST /v1/responses 200 32.0
1790302099 POST /v1/responses 200 62.9
1790302117 POST /v1/responses 200 51.3
1790302127 POST /v1/messages?beta=true 200 90.5
1790302136 POST /v1/messages?beta=true 200 99.9
1790302137 POST /v1/messages?beta=true 200 100.9
1790302150 POST /v1/responses 200 9.4
1790302154 POST /v1/messages?beta=true 200 13.4
1790302158 POST /v1/responses 200 7.8
1790302167 POST /v1/messages?beta=true 200 25.8
1790302205 POST /v1/messages?beta=true 200 38.5
1790302218 POST /v1/messages?beta=true 200 12.8
1790302218 POST /v1/responses 200 77.2
1790302220 POST /v1/responses 200 79.4
1790302232 POST /v1/messages?beta=true 200 13.5
1790302259 POST /v1/messages?beta=true 200 12.8
1790302265 POST /v1/responses 200 18.8
1790302279 POST /v1/responses 200 13.2
1790302288 POST /v1/messages?beta=true 200 25.5
1790302313 POST /v1/messages?beta=true 200 22.5
1790302322 POST /v1/responses 200 76.6
1790302347 POST /v1/messages?beta=true 200 100.8
1790302370 POST /v1/responses 200 18.1
1790302399 POST /v1/responses 200 46.5
1790302417 POST /v1/responses 200 46.3
1790302442 POST /v1/messages?beta=true 200 89.6
1790302448 POST /v1/messages?beta=true 200 95.9
1790302482 POST /v1/responses 200 15.3
1790302545 POST /v1/messages?beta=true 200 77.6
1790302584 POST /v1/messages?beta=true 200 11.8
1790302614 POST /v1/messages?beta=true 200 30.6
1790302633 POST /v1/messages?beta=true 200 18.8
1790302636 POST /v1/responses 200 63.9
1790302653 POST /v1/messages?beta=true 200 19.3
1790302665 POST /v1/messages?beta=true 200 12.2
1790302705 POST /v1/responses 200 28.2
1790302710 POST /v1/responses 200 5.5
1790302999 POST /v1/responses 200 78.7
1790303101 POST /v1/responses 200 75.7
1790303143 POST /v1/responses 200 13.0
1790303316 POST /v1/responses 200 7.3
1790303605 POST /v1/messages?beta=true 200 99.7
1790303640 POST /v1/messages?beta=true 200 26.3
1790304149 POST /v1/messages?beta=true 200 103.2
1790304192 POST /v1/messages?beta=true 200 39.5
1790304241 POST /v1/messages?beta=true 200 49.0
1790304279 POST /v1/messages?beta=true 200 17.1
