logsd 0.16
opt sched [1.   1.   1.   0.98 1.   1.   1.   1.   1.   0.9  0.78 0.66 0.56 0.5
 0.46 0.44 0.5  0.62 1.   1.   1.   0.98 0.98 1.  ]
Q1 all-B -0.00161
Q2 opt 0.01921
0 best 1.0 within .0002/req: 1.0 1.0 gain/req 0.0219 all-B/req 0.0219
1 best 1.0 within .0002/req: 1.0 1.0 gain/req 0.0219 all-B/req 0.0219
2 best 1.0 within .0002/req: 1.0 1.0 gain/req 0.0226 all-B/req 0.0226
3 best 0.98 within .0002/req: 0.98 1.0 gain/req 0.0233 all-B/req 0.0231
4 best 1.0 within .0002/req: 1.0 1.0 gain/req 0.0221 all-B/req 0.0221
5 best 1.0 within .0002/req: 1.0 1.0 gain/req 0.0223 all-B/req 0.0223
6 best 1.0 within .0002/req: 1.0 1.0 gain/req 0.0223 all-B/req 0.0223
7 best 1.0 within .0002/req: 1.0 1.0 gain/req 0.0237 all-B/req 0.0237
8 best 1.0 within .0002/req: 0.96 1.0 gain/req 0.0218 all-B/req 0.0218
9 best 0.9 within .0002/req: 0.9 0.98 gain/req 0.0262 all-B/req 0.0255
10 best 0.78 within .0002/req: 0.78 0.78 gain/req 0.0212 all-B/req 0.015
11 best 0.66 within .0002/req: 0.62 0.66 gain/req 0.017 all-B/req -0.0038
12 best 0.56 within .0002/req: 0.5 0.56 gain/req 0.0147 all-B/req -0.0272
13 best 0.5 within .0002/req: 0.44 0.5 gain/req 0.0127 all-B/req -0.0514
14 best 0.46 within .0002/req: 0.42 0.46 gain/req 0.0115 all-B/req -0.0644
15 best 0.44 within .0002/req: 0.42 0.5 gain/req 0.0118 all-B/req -0.059
16 best 0.5 within .0002/req: 0.48 0.54 gain/req 0.0134 all-B/req -0.0351
17 best 0.62 within .0002/req: 0.62 0.62 gain/req 0.0172 all-B/req -0.0042
18 best 1.0 within .0002/req: 1.0 1.0 gain/req 0.0233 all-B/req 0.0233
19 best 1.0 within .0002/req: 1.0 1.0 gain/req 0.0241 all-B/req 0.0241
20 best 1.0 within .0002/req: 1.0 1.0 gain/req 0.0235 all-B/req 0.0235
21 best 0.98 within .0002/req: 0.98 1.0 gain/req 0.022 all-B/req 0.0219
22 best 0.98 within .0002/req: 0.98 0.98 gain/req 0.0229 all-B/req 0.0227
23 best 1.0 within .0002/req: 1.0 1.0 gain/req 0.0219 all-B/req 0.0219
