logsd 0.125
opt sched [1.   1.   0.96 1.   1.   1.   1.   1.   1.   1.   0.86 0.72 0.62 0.5
 0.52 0.48 0.6  0.72 1.   0.98 1.   1.   0.96 1.  ]
Q1 all-B 0.00525
Q2 opt 0.02196
0 best 1.0 within .0002/req: 1.0 1.0 gain/req 0.0219 all-B/req 0.0219
1 best 1.0 within .0002/req: 1.0 1.0 gain/req 0.0224 all-B/req 0.0224
2 best 0.96 within .0002/req: 0.96 0.96 gain/req 0.0231 all-B/req 0.0226
3 best 1.0 within .0002/req: 1.0 1.0 gain/req 0.0228 all-B/req 0.0228
4 best 1.0 within .0002/req: 1.0 1.0 gain/req 0.0236 all-B/req 0.0236
5 best 1.0 within .0002/req: 1.0 1.0 gain/req 0.0227 all-B/req 0.0227
6 best 1.0 within .0002/req: 0.96 1.0 gain/req 0.0229 all-B/req 0.0229
7 best 1.0 within .0002/req: 1.0 1.0 gain/req 0.0233 all-B/req 0.0233
8 best 1.0 within .0002/req: 1.0 1.0 gain/req 0.0228 all-B/req 0.0228
9 best 1.0 within .0002/req: 0.96 1.0 gain/req 0.033 all-B/req 0.033
10 best 0.86 within .0002/req: 0.86 0.86 gain/req 0.0279 all-B/req 0.0251
11 best 0.72 within .0002/req: 0.72 0.72 gain/req 0.0233 all-B/req 0.0095
12 best 0.62 within .0002/req: 0.62 0.62 gain/req 0.0198 all-B/req -0.0125
13 best 0.5 within .0002/req: 0.5 0.56 gain/req 0.0165 all-B/req -0.0367
14 best 0.52 within .0002/req: 0.48 0.52 gain/req 0.016 all-B/req -0.0488
15 best 0.48 within .0002/req: 0.48 0.54 gain/req 0.0165 all-B/req -0.0434
16 best 0.6 within .0002/req: 0.56 0.6 gain/req 0.0181 all-B/req -0.0202
17 best 0.72 within .0002/req: 0.66 0.72 gain/req 0.0233 all-B/req 0.0091
18 best 1.0 within .0002/req: 1.0 1.0 gain/req 0.0228 all-B/req 0.0228
19 best 0.98 within .0002/req: 0.98 1.0 gain/req 0.0231 all-B/req 0.0231
20 best 1.0 within .0002/req: 1.0 1.0 gain/req 0.0233 all-B/req 0.0233
21 best 1.0 within .0002/req: 1.0 1.0 gain/req 0.0237 all-B/req 0.0237
22 best 0.96 within .0002/req: 0.96 0.96 gain/req 0.0228 all-B/req 0.0223
23 best 1.0 within .0002/req: 1.0 1.0 gain/req 0.0219 all-B/req 0.0219
