logsd 0.09
opt sched [0.98 1.   1.   1.   0.98 1.   1.   1.   0.98 1.   0.88 0.76 0.64 0.58
 0.52 0.56 0.62 0.74 1.   0.98 0.98 0.98 0.98 0.98]
Q1 all-B 0.00721
Q2 opt 0.02138
0 best 0.98 within .0002/req: 0.98 0.98 gain/req 0.0224 all-B/req 0.0221
1 best 1.0 within .0002/req: 1.0 1.0 gain/req 0.0245 all-B/req 0.0245
2 best 1.0 within .0002/req: 1.0 1.0 gain/req 0.0236 all-B/req 0.0236
3 best 1.0 within .0002/req: 1.0 1.0 gain/req 0.0222 all-B/req 0.0222
4 best 0.98 within .0002/req: 0.98 1.0 gain/req 0.0225 all-B/req 0.0223
5 best 1.0 within .0002/req: 1.0 1.0 gain/req 0.0227 all-B/req 0.0227
6 best 1.0 within .0002/req: 0.98 1.0 gain/req 0.0228 all-B/req 0.0228
7 best 1.0 within .0002/req: 0.96 1.0 gain/req 0.0227 all-B/req 0.0227
8 best 0.98 within .0002/req: 0.98 1.0 gain/req 0.0225 all-B/req 0.0224
9 best 1.0 within .0002/req: 1.0 1.0 gain/req 0.0314 all-B/req 0.0314
10 best 0.88 within .0002/req: 0.86 0.92 gain/req 0.0264 all-B/req 0.0248
11 best 0.76 within .0002/req: 0.72 0.78 gain/req 0.0214 all-B/req 0.0113
12 best 0.64 within .0002/req: 0.62 0.66 gain/req 0.0188 all-B/req -0.0076
13 best 0.58 within .0002/req: 0.56 0.6 gain/req 0.0161 all-B/req -0.0298
14 best 0.52 within .0002/req: 0.52 0.56 gain/req 0.0152 all-B/req -0.0418
15 best 0.56 within .0002/req: 0.54 0.58 gain/req 0.0156 all-B/req -0.0366
16 best 0.62 within .0002/req: 0.58 0.64 gain/req 0.0178 all-B/req -0.0141
17 best 0.74 within .0002/req: 0.72 0.78 gain/req 0.0215 all-B/req 0.0109
18 best 1.0 within .0002/req: 1.0 1.0 gain/req 0.0235 all-B/req 0.0235
19 best 0.98 within .0002/req: 0.98 1.0 gain/req 0.0225 all-B/req 0.0224
20 best 0.98 within .0002/req: 0.96 1.0 gain/req 0.0228 all-B/req 0.0227
21 best 0.98 within .0002/req: 0.96 0.98 gain/req 0.0223 all-B/req 0.0221
22 best 0.98 within .0002/req: 0.98 0.98 gain/req 0.0229 all-B/req 0.0227
23 best 0.98 within .0002/req: 0.98 0.98 gain/req 0.0224 all-B/req 0.0221
