candidate wd=0.3    val_acc=0.7189  (17.7s cpu)
candidate wd=0.1    val_acc=0.7180  (17.2s cpu)
candidate wd=1      val_acc=0.7091  (17.8s cpu)
candidate wd=3      val_acc=0.6269  (17.9s cpu)
selected wd=[0.3]  val_acc=0.7189  (70.7s cpu total)
trained 20000 steps x 1 candidates in 70.7s (70.8s cpu)
	Command being timed: "python3 train.py --data /app/work/corpus_syn.npz --steps 20000 --predict /app/work/test_syn_X.npy --out /app/work/preds_syn.npy --seed 1"
	User time (seconds): 70.77
	System time (seconds): 0.03
	Percent of CPU this job got: 99%
	Elapsed (wall clock) time (h:mm:ss or m:ss): 1:10.82
	Average shared text size (kbytes): 0
	Average unshared data size (kbytes): 0
	Average stack size (kbytes): 0
	Average total size (kbytes): 0
	Maximum resident set size (kbytes): 89752
	Average resident set size (kbytes): 0
	Major (requiring I/O) page faults: 0
	Minor (reclaiming a frame) page faults: 15969
	Voluntary context switches: 1
	Involuntary context switches: 664
	Swaps: 0
	File system inputs: 0
	File system outputs: 344
	Socket messages sent: 0
	Socket messages received: 0
	Signals delivered: 0
	Page size (bytes): 4096
	Exit status: 0
