1790382981 POST /v1/messages?beta=true 200 5.3
1790382981 POST /v1/responses 200 5.7
1790382981 POST /v1/messages?beta=true 200 5.6
1790382981 POST /v1/messages?beta=true 200 5.8
1790382981 POST /v1/messages?beta=true 200 6.3
1790382982 POST /v1/responses 200 6.7
1790382982 POST /v1/messages?beta=true 200 6.4
1790382982 POST /v1/messages?beta=true 200 6.7
1790382982 POST /v1/messages?beta=true 200 6.8
1790382982 POST /v1/messages?beta=true 200 6.7
1790382982 POST /v1/messages?beta=true 200 6.9
1790382983 POST /v1/messages?beta=true 200 7.3
1790382983 POST /v1/responses 200 7.9
1790382983 POST /v1/responses 200 8.1
1790382984 POST /v1/responses 200 8.8
1790382984 POST /v1/responses 200 9.0
1790382984 POST /v1/responses 200 9.5
1790382985 POST /v1/messages?beta=true 200 4.5
1790382986 POST /v1/responses 200 10.7
1790382986 POST /v1/responses 200 4.4
1790382986 POST /v1/responses 200 11.5
1790382986 POST /v1/responses 200 5.7
1790382987 POST /v1/messages?beta=true 200 5.7
1790382988 POST /v1/responses 200 4.1
1790382988 POST /v1/messages?beta=true 200 6.4
1790382988 POST /v1/messages?beta=true 200 6.1
1790382988 POST /v1/responses 200 13.3
1790382988 POST /v1/messages?beta=true 200 6.3
1790382989 POST /v1/messages?beta=true 200 6.8
1790382989 POST /v1/messages?beta=true 200 6.7
1790382989 POST /v1/messages?beta=true 200 6.7
1790382989 POST /v1/messages?beta=true 200 6.4
1790382989 POST /v1/messages?beta=true 200 8.1
1790382990 POST /v1/responses 200 5.8
1790382991 POST /v1/responses 200 4.6
1790382991 POST /v1/responses 200 5.7
1790382991 POST /v1/responses 200 7.5
1790382992 POST /v1/responses 200 5.2
1790382993 POST /v1/responses 200 10.0
1790382995 POST /v1/responses 200 6.8
1790382996 POST /v1/responses 200 4.4
1790382997 POST /v1/responses 200 6.5
1790382997 POST /v1/responses 200 5.4
1790382998 POST /v1/responses 200 9.3
1790382999 POST /v1/responses 200 7.9
1790383004 POST /v1/responses 200 10.7
1790383004 POST /v1/messages?beta=true 200 15.1
1790383004 POST /v1/responses 200 7.2
1790383005 POST /v1/messages?beta=true 200 18.1
1790383005 POST /v1/responses 200 10.2
1790383006 POST /v1/messages?beta=true 200 17.5
1790383007 POST /v1/responses 200 10.6
1790383007 POST /v1/responses 200 15.7
1790383010 POST /v1/messages?beta=true 200 21.7
1790383013 POST /v1/messages?beta=true 200 25.0
1790383014 POST /v1/responses 200 16.3
1790383015 POST /v1/responses 200 7.4
1790383015 POST /v1/responses 200 16.6
1790383017 POST /v1/messages?beta=true 200 27.6
1790383017 POST /v1/messages?beta=true 200 12.2
1790383019 POST /v1/messages?beta=true 200 9.2
1790383020 POST /v1/responses 200 33.4
1790383022 POST /v1/messages?beta=true 200 17.7
1790383022 POST /v1/responses 200 17.9
1790383023 POST /v1/messages?beta=true 200 9.3
1790383024 POST /v1/responses 200 26.8
1790383024 POST /v1/messages?beta=true 200 7.4
1790383026 POST /v1/responses 200 10.2
1790383026 POST /v1/messages?beta=true 200 19.9
1790383028 POST /v1/messages?beta=true 200 38.3
1790383028 POST /v1/responses 200 24.3
1790383030 POST /v1/messages?beta=true 200 8.5
1790383032 POST /v1/messages?beta=true 200 9.5
1790383032 POST /v1/messages?beta=true 200 6.1
1790383034 POST /v1/messages?beta=true 200 17.4
1790383035 POST /v1/responses 200 30.1
1790383036 POST /v1/responses 200 21.9
1790383037 POST /v1/messages?beta=true 200 12.6
1790383039 POST /v1/responses 200 24.8
1790383040 POST /v1/messages?beta=true 200 9.6
1790383042 POST /v1/responses 200 15.8
1790383042 POST /v1/messages?beta=true 200 53.5
1790383043 POST /v1/messages?beta=true 200 10.6
1790383043 POST /v1/responses 200 3.6
1790383045 POST /v1/messages?beta=true 200 10.3
1790383045 POST /v1/messages?beta=true 200 8.5
1790383046 POST /v1/messages?beta=true 200 6.4
1790383049 POST /v1/responses 200 24.9
1790383049 POST /v1/responses 200 7.6
1790383049 POST /v1/responses 200 27.2
1790383050 POST /v1/responses 200 30.2
1790383052 POST /v1/responses 200 8.9
1790383053 POST /v1/responses 200 70.1
1790383054 POST /v1/responses 200 18.5
1790383054 POST /v1/messages?beta=true 200 21.8
1790383055 POST /v1/messages?beta=true 200 10.1
1790383058 POST /v1/responses 200 8.3
1790383060 POST /v1/responses 200 7.5
1790383060 POST /v1/messages?beta=true 200 14.1
1790383062 POST /v1/responses 200 12.3
1790383063 POST /v1/responses 200 34.2
1790383067 POST /v1/messages?beta=true 200 48.0
1790383069 POST /v1/responses 200 20.0
1790383069 POST /v1/messages?beta=true 200 14.9
1790383070 POST /v1/messages?beta=true 200 42.3
1790383075 POST /v1/responses 200 12.8
1790383075 POST /v1/responses 200 6.2
1790383075 POST /v1/responses 200 22.0
1790383077 POST /v1/messages?beta=true 200 10.1
1790383079 POST /v1/responses 200 25.4
1790383081 POST /v1/messages?beta=true 200 38.4
1790383081 POST /v1/responses 200 32.1
1790383089 POST /v1/messages?beta=true 200 12.4
1790383090 POST /v1/responses 200 29.8
1790383090 POST /v1/messages?beta=true 200 9.5
1790383096 POST /v1/messages?beta=true 200 26.6
1790383099 POST /v1/messages?beta=true 200 9.7
1790383101 POST /v1/responses 200 11.5
1790383101 POST /v1/messages?beta=true 200 46.1
1790383102 POST /v1/responses 200 39.4
1790383109 POST /v1/messages?beta=true 200 7.8
1790383110 POST /v1/messages?beta=true 200 124.7
1790383111 POST /v1/responses 200 30.9
1790383111 POST /v1/messages?beta=true 200 20.3
1790383111 POST /v1/messages?beta=true 200 15.2
1790383113 POST /v1/responses 200 31.7
1790383115 POST /v1/responses 200 78.7
1790383118 POST /v1/responses 200 110.9
1790383122 POST /v1/responses 200 47.3
1790383124 POST /v1/messages?beta=true 200 24.9
1790383125 POST /v1/responses 200 14.0
1790383129 POST /v1/responses 200 27.4
1790383129 POST /v1/messages?beta=true 200 141.1
1790383129 POST /v1/messages?beta=true 200 20.3
1790383132 POST /v1/responses 200 7.1
1790383133 POST /v1/responses 200 31.1
1790383133 POST /v1/messages?beta=true 200 22.5
1790383135 POST /v1/messages?beta=true 200 11.5
1790383138 POST /v1/messages?beta=true 200 9.1
1790383140 POST /v1/responses 200 22.3
1790383140 POST /v1/responses 200 25.6
1790383142 POST /v1/responses 200 13.3
1790383145 POST /v1/messages?beta=true 200 15.9
1790383148 POST /v1/responses 200 73.0
1790383149 POST /v1/responses 200 34.7
1790383152 POST /v1/messages?beta=true 200 18.5
1790383189 POST /v1/messages?beta=true 200 7.6
1790383190 POST /v1/responses 200 8.5
1790383190 POST /v1/messages?beta=true 200 8.5
1790383198 POST /v1/responses 200 17.1
1790383200 POST /v1/messages?beta=true 200 10.5
1790383200 POST /v1/responses 200 19.2
1790383204 POST /v1/messages?beta=true 200 22.6
1790383208 POST /v1/messages?beta=true 200 8.2
1790383208 POST /v1/responses 200 9.5
1790383212 POST /v1/responses 200 30.2
1790383213 POST /v1/messages?beta=true 200 31.1
1790383215 POST /v1/messages?beta=true 200 33.9
1790383217 POST /v1/responses 200 35.2
1790383223 POST /v1/messages?beta=true 200 14.9
1790383227 POST /v1/messages?beta=true 200 22.8
1790383227 POST /v1/responses 200 18.3
1790383227 POST /v1/messages?beta=true 200 37.1
1790383233 POST /v1/responses 200 6.3
1790383234 POST /v1/messages?beta=true 200 52.9
1790383236 POST /v1/messages?beta=true 200 12.8
1790383244 POST /v1/messages?beta=true 200 9.7
1790383247 POST /v1/messages?beta=true 200 31.9
1790383249 POST /v1/responses 200 67.4
1790383250 POST /v1/responses 200 38.2
1790383251 POST /v1/responses 200 17.8
1790383252 POST /v1/messages?beta=true 200 15.9
1790383253 POST /v1/messages?beta=true 200 25.8
1790383254 POST /v1/messages?beta=true 200 10.2
1790383259 POST /v1/messages?beta=true 200 11.3
1790383266 POST /v1/messages?beta=true 200 6.9
1790383272 POST /v1/messages?beta=true 200 19.9
1790383278 POST /v1/messages?beta=true 200 96.2
1790383280 POST /v1/messages?beta=true 200 13.9
1790383287 POST /v1/messages?beta=true 200 34.4
1790383291 POST /v1/messages?beta=true 200 13.2
1790383330 POST /v1/responses 200 16.7
1790383338 POST /v1/messages?beta=true 200 24.7
1790383339 POST /v1/responses 200 9.7
1790383341 POST /v1/responses 200 28.6
1790383344 POST /v1/messages?beta=true 200 31.1
1790383347 POST /v1/messages?beta=true 200 33.7
1790383347 POST /v1/responses 200 34.4
1790383350 POST /v1/messages?beta=true 200 12.6
1790383357 POST /v1/messages?beta=true 200 12.9
1790383357 POST /v1/responses 200 44.6
1790383359 POST /v1/messages?beta=true 200 8.4
1790383364 POST /v1/messages?beta=true 200 17.1
1790383365 POST /v1/messages?beta=true 200 7.6
1790383368 POST /v1/messages?beta=true 200 54.9
1790383372 POST /v1/responses 200 14.2
1790383376 POST /v1/messages?beta=true 200 8.0
1790383376 POST /v1/responses 200 29.2
1790383380 POST /v1/messages?beta=true 200 15.0
1790383394 POST /v1/messages?beta=true 200 18.0
1790383396 POST /v1/messages?beta=true 200 31.9
1790383396 POST /v1/messages?beta=true 200 83.4
1790383404 POST /v1/messages?beta=true 200 7.7
1790383409 POST /v1/messages?beta=true 200 12.6
1790383421 POST /v1/messages?beta=true 200 26.9
1790383424 POST /v1/messages?beta=true 200 15.4
1790383427 POST /v1/messages?beta=true 200 23.1
1790383435 POST /v1/messages?beta=true 200 121.7
1790383436 POST /v1/messages?beta=true 200 8.9
1790383439 POST /v1/messages?beta=true 200 79.9
1790383439 POST /v1/messages?beta=true 200 17.8
1790383453 POST /v1/responses 200 8.3
1790383454 POST /v1/messages?beta=true 200 9.0
1790383456 POST /v1/messages?beta=true 200 11.6
1790383464 POST /v1/messages?beta=true 200 7.6
1790383464 POST /v1/messages?beta=true 200 10.7
1790383475 POST /v1/responses 200 30.3
1790383479 POST /v1/messages?beta=true 200 15.4
1790383480 POST /v1/messages?beta=true 200 15.9
1790383484 POST /v1/responses 200 39.9
1790383485 POST /v1/messages?beta=true 200 40.0
1790383495 POST /v1/responses 200 10.1
1790383503 POST /v1/messages?beta=true 200 58.6
1790383513 POST /v1/responses 200 18.7
1790383514 POST /v1/messages?beta=true 200 29.7
1790383528 POST /v1/messages?beta=true 200 24.5
1790383533 POST /v1/messages?beta=true 200 17.1
1790383539 POST /v1/messages?beta=true 200 10.8
1790383539 POST /v1/messages?beta=true 200 94.3
1790383549 POST /v1/messages?beta=true 200 10.0
1790383560 POST /v1/messages?beta=true 200 11.6
1790383563 POST /v1/messages?beta=true 200 24.5
1790383610 POST /v1/messages?beta=true 200 34.3
1790383616 POST /v1/messages?beta=true 200 39.5
1790383623 POST /v1/messages?beta=true 200 12.6
1790383624 POST /v1/responses 200 47.7
1790383628 POST /v1/responses 200 52.0
1790383629 POST /v1/messages?beta=true 200 52.9
1790383640 POST /v1/responses 200 16.5
1790383641 POST /v1/messages?beta=true 200 18.6
1790383656 POST /v1/messages?beta=true 200 14.4
1790383658 POST /v1/messages?beta=true 200 42.8
1790383671 POST /v1/messages?beta=true 200 38.6
1790383672 POST /v1/messages?beta=true 200 13.7
1790383675 POST /v1/messages?beta=true 200 18.7
1790383702 POST /v1/messages?beta=true 200 27.2
1790383730 POST /v1/messages?beta=true 200 23.1
1790383738 POST /v1/messages?beta=true 200 31.2
1790383741 POST /v1/messages?beta=true 200 10.7
1790383751 POST /v1/responses 200 43.6
1790383754 POST /v1/messages?beta=true 200 15.2
1790383773 POST /v1/responses 200 65.7
1790383778 POST /v1/messages?beta=true 200 70.9
1790383801 POST /v1/messages?beta=true 200 23.3
1790383820 POST /v1/messages?beta=true 200 10.2
1790383832 POST /v1/messages?beta=true 200 11.9
1790383855 POST /v1/responses 200 15.8
1790383923 POST /v1/responses 200 18.1
1790383954 POST /v1/responses 200 30.4
1790383976 POST /v1/responses 200 14.6
1790384033 POST /v1/responses 200 56.2
1790384065 POST /v1/responses 200 26.8
1790384093 POST /v1/responses 200 27.7
1790384105 POST /v1/responses 200 6.8
1790386046 POST /v1/messages?beta=true 200 7.8
1790386054 POST /v1/messages?beta=true 200 15.6
1790386054 POST /v1/messages?beta=true 200 8.0
1790386060 POST /v1/messages?beta=true 200 5.7
1790386095 POST /v1/messages?beta=true 200 41.1
1790386097 POST /v1/messages?beta=true 200 37.7
1790386132 POST /v1/messages?beta=true 200 37.0
1790386150 POST /v1/messages?beta=true 200 52.4
1790386157 POST /v1/messages?beta=true 200 7.6
1790386221 POST /v1/messages?beta=true 200 47.8
1790386246 POST /v1/messages?beta=true 200 73.1
1790386253 POST /v1/messages?beta=true 200 31.5
1790386264 POST /v1/messages?beta=true 200 18.2
1790386283 POST /v1/messages?beta=true 200 30.7
1790386304 POST /v1/messages?beta=true 200 39.4
1790386346 POST /v1/messages?beta=true 200 26.3
1790386347 POST /v1/messages?beta=true 200 26.6
1790386372 POST /v1/messages?beta=true 200 25.1
1790386394 POST /v1/messages?beta=true 200 47.8
1790386397 POST /v1/messages?beta=true 200 24.9
1790386414 POST /v1/messages?beta=true 200 16.8
1790386444 POST /v1/messages?beta=true 200 26.9
1790386452 POST /v1/messages?beta=true 200 7.8
1790387110 POST /v1/messages?beta=true 200 34.3
1790387124 POST /v1/messages?beta=true 200 47.4
1790387131 POST /v1/messages?beta=true 200 20.1
1790387150 POST /v1/messages?beta=true 200 19.8
1790387166 POST /v1/messages?beta=true 200 15.2
1790387172 POST /v1/messages?beta=true 200 48.5
1790387199 POST /v1/messages?beta=true 200 27.3
1790387262 POST /v1/messages?beta=true 200 24.4
1790387276 POST /v1/messages?beta=true 200 13.2
1790387289 POST /v1/messages?beta=true 200 13.4
1790387377 POST /v1/responses 200 35.4
1790387396 POST /v1/responses 200 18.8
1790387430 POST /v1/responses 200 88.4
1790387439 POST /v1/responses 200 43.3
1790387514 POST /v1/responses 200 65.3
1790387537 POST /v1/responses 200 88.1
1790387561 POST /v1/responses 200 11.7
1790387609 POST /v1/responses 200 59.5
1790387638 POST /v1/responses 200 77.0
1790387708 POST /v1/responses 200 57.3
1790387714 POST /v1/responses 200 63.3
1790387748 POST /v1/responses 200 22.3
1790387763 POST /v1/responses 200 37.6
1790387798 POST /v1/responses 200 50.2
1790387917 POST /v1/responses 200 28.1
1790387961 POST /v1/responses 200 43.4
1790387981 POST /v1/responses 200 92.2
1790388051 POST /v1/responses 200 59.2
1790388078 POST /v1/responses 200 26.9
1790388083 POST /v1/responses 200 91.4
1790388133 POST /v1/responses 200 44.2
1790388163 POST /v1/responses 200 29.5
1790388171 POST /v1/responses 200 81.8
1790388277 POST /v1/responses 200 100.6
1790388295 POST /v1/responses 200 118.6
1790388372 POST /v1/responses 200 71.2
1790388605 POST /v1/responses 200 131.7
1790389171 POST /v1/responses 200 122.4
1790389179 POST /v1/responses 200 130.8
1790389293 POST /v1/responses 200 90.4
1790389464 POST /v1/responses 200 68.8
1790389469 POST /v1/responses 200 74.1
1790389519 POST /v1/responses 200 14.5
1790389530 POST /v1/responses 200 24.9
1790389616 POST /v1/responses 200 96.4
1790389692 POST /v1/responses 200 43.8
1790389731 POST /v1/responses 200 39.2
