500 0.1 0.3 0.425
500 0.1 0.5 0.429
500 0.1 0.7 0.452
500 0.25 0.3 0.4265
500 0.25 0.5 0.432
500 0.25 0.7 0.4555
500 0.5 0.3 0.427
500 0.5 0.5 0.4315
500 0.5 0.7 0.4585
500 1 0.3 0.4355
500 1 0.5 0.439
500 1 0.7 0.461
500 2 0.3 0.4535
500 2 0.5 0.4545
500 2 0.7 0.464
500 4 0.3 0.467
500 4 0.5 0.4715
500 4 0.7 0.479
1000 0.1 0.3 0.4685
1000 0.1 0.5 0.494
1000 0.1 0.7 0.5065
1000 0.25 0.3 0.4725
1000 0.25 0.5 0.499
1000 0.25 0.7 0.507
1000 0.5 0.3 0.478
1000 0.5 0.5 0.5025
1000 0.5 0.7 0.512
1000 1 0.3 0.489
1000 1 0.5 0.5115
1000 1 0.7 0.512
1000 2 0.3 0.5205
1000 2 0.5 0.526
1000 2 0.7 0.534
1000 4 0.3 0.54
1000 4 0.5 0.544
1000 4 0.7 0.5505
2000 0.1 0.3 0.5205
2000 0.1 0.5 0.565
2000 0.1 0.7 0.5835
2000 0.25 0.3 0.5345
2000 0.25 0.5 0.5715
2000 0.25 0.7 0.5825
2000 0.5 0.3 0.5535
2000 0.5 0.5 0.5815
2000 0.5 0.7 0.5825
2000 1 0.3 0.58
2000 1 0.5 0.591
2000 1 0.7 0.601
2000 2 0.3 0.6025
2000 2 0.5 0.616
2000 2 0.7 0.6175
2000 4 0.3 0.598
2000 4 0.5 0.605
2000 4 0.7 0.585
4000 0.1 0.3 0.57
4000 0.1 0.5 0.6
4000 0.1 0.7 0.598
4000 0.25 0.3 0.583
4000 0.25 0.5 0.6055
4000 0.25 0.7 0.616
4000 0.5 0.3 0.6095
4000 0.5 0.5 0.6185
4000 0.5 0.7 0.616
4000 1 0.3 0.6245
4000 1 0.5 0.6335
4000 1 0.7 0.637
4000 2 0.3 0.6425
4000 2 0.5 0.6465
4000 2 0.7 0.6435
4000 4 0.3 0.6185
4000 4 0.5 0.624
4000 4 0.7 0.602
