32 0.5 0.0 128 [np.float64(0.586), np.float64(0.59)] 0.588
32 1 0.0 128 [np.float64(0.595), np.float64(0.599)] 0.597
32 2 0.0 128 [np.float64(0.584), np.float64(0.579)] 0.5814999999999999
32 3 0.0 128 [np.float64(0.52), np.float64(0.532)] 0.526
32 4 0.0 128 [np.float64(0.483), np.float64(0.486)] 0.4845
32 6 0.0 128 [np.float64(0.411), np.float64(0.43)] 0.4205
32 8 0.0 128 [np.float64(0.319), np.float64(0.318)] 0.3185
64 0.5 0.0 128 [np.float64(0.596), np.float64(0.609)] 0.6025
64 1 0.0 128 [np.float64(0.611), np.float64(0.605)] 0.608
64 2 0.0 128 [np.float64(0.61), np.float64(0.61)] 0.61
64 3 0.0 128 [np.float64(0.581), np.float64(0.585)] 0.583
64 4 0.0 128 [np.float64(0.548), np.float64(0.558)] 0.553
64 6 0.0 128 [np.float64(0.48), np.float64(0.48)] 0.48
64 8 0.0 128 [np.float64(0.454), np.float64(0.433)] 0.4435
128 0.5 0.0 128 [np.float64(0.584), np.float64(0.604)] 0.594
128 1 0.0 128 [np.float64(0.614), np.float64(0.611)] 0.6125
128 2 0.0 128 [np.float64(0.624), np.float64(0.617)] 0.6205
128 3 0.0 128 [np.float64(0.612), np.float64(0.601)] 0.6065
128 4 0.0 128 [np.float64(0.589), np.float64(0.594)] 0.5914999999999999
128 6 0.0 128 [np.float64(0.552), np.float64(0.551)] 0.5515000000000001
128 8 0.0 128 [np.float64(0.479), np.float64(0.487)] 0.483
256 0.5 0.0 128 [np.float64(0.573), np.float64(0.572)] 0.5725
256 1 0.0 128 [np.float64(0.606), np.float64(0.608)] 0.607
256 2 0.0 128 [np.float64(0.628), np.float64(0.623)] 0.6255
256 3 0.0 128 [np.float64(0.616), np.float64(0.61)] 0.613
256 4 0.0 128 [np.float64(0.606), np.float64(0.617)] 0.6114999999999999
256 6 0.0 128 [np.float64(0.582), np.float64(0.58)] 0.581
256 8 0.0 128 [np.float64(0.56), np.float64(0.555)] 0.5575000000000001
256 2 0.02 128 [np.float64(0.637), np.float64(0.617)] 0.627
256 2 0.05 128 [np.float64(0.625), np.float64(0.623)] 0.624
256 2 0.1 128 [np.float64(0.63), np.float64(0.62)] 0.625
256 2 0.2 128 [np.float64(0.629), np.float64(0.616)] 0.6225
256 2 0.0 64 [np.float64(0.614), np.float64(0.609)] 0.6114999999999999
256 2 0.0 256 [np.float64(0.624), np.float64(0.621)] 0.6225
256 2 0.0 512 [np.float64(0.613), np.float64(0.598)] 0.6054999999999999
