member 1/4: 26.8 CPU seconds
member 2/4: 26.6 CPU seconds
member 3/4: 9.2 CPU seconds
member 4/4: 9.0 CPU seconds
trained 20000 steps per member in 71.7 CPU seconds
	Command being timed: "python3 /app/repo/train.py --data /app/experiments/timing_corpus.npz --steps 20000 --predict /app/experiments/timing_test.npy --out /app/experiments/timing_preds.npy --seed 0"
	User time (seconds): 71.79
	System time (seconds): 0.03
	Percent of CPU this job got: 99%
	Elapsed (wall clock) time (h:mm:ss or m:ss): 1:11.87
	Average shared text size (kbytes): 0
	Average unshared data size (kbytes): 0
	Average stack size (kbytes): 0
	Average total size (kbytes): 0
	Maximum resident set size (kbytes): 88436
	Average resident set size (kbytes): 0
	Major (requiring I/O) page faults: 0
	Minor (reclaiming a frame) page faults: 29094
	Voluntary context switches: 8
	Involuntary context switches: 121
	Swaps: 0
	File system inputs: 0
	File system outputs: 336
	Socket messages sent: 0
	Socket messages received: 0
	Signals delivered: 0
	Page size (bytes): 4096
	Exit status: 0
